// Jest Snapshot v1, https://goo.gl/fbAQLP

exports[`renders correctly 1`] = `
<form
  className="sidebar-form"
  onSubmit={[Function]}
>
  <input
    className="form-control"
    onChange={[Function]}
    placeholder="Search for a Cit"
    value=""
  />
  <button
    className="btn-link"
    type="submit"
  >
    <span
      className="icon icon-magnifying-glass"
    />
  </button>
</form>
`;
