// Jest Snapshot v1, https://goo.gl/fbAQLP

exports[`renders correctly 1`] = `
<div
  className="col-md-3 sidebar"
>
  <nav
    className="sidebar-nav"
  >
    <div
      className="sidebar-header"
    >
      <button
        className="nav-toggler nav-toggler-md sidebar-toggler"
        data-target="#nav-toggleable-md"
        data-toggle="collapse"
        type="button"
      >
        <span
          className="sr-only"
        >
          Toggle nav
        </span>
      </button>
      <a
        className="sidebar-brand img-responsive"
        href="#"
      >
        <span
          className="icon icon-drop sidebar-brand-icon"
          style={
            Object {
              "color": "#1ec8ff",
            }
          }
        />
      </a>
    </div>
    <div
      className="collapse nav-toggleable-md"
      id="nav-toggleable-md"
    >
      <SearchBar
        fetchWeather={[Function]}
        input=""
        updateQuery={[Function]}
      />
      <Cities
        fetchWeather={[Function]}
        storedCities={[Function]}
      />
      <hr
        className="visible-xs mt-3"
      />
    </div>
  </nav>
</div>
`;
