// Jest Snapshot v1, https://goo.gl/fbAQLP

exports[`renders correctly 1`] = `
<div
  className="dashhead"
>
  <div
    className="dashhead-titles"
  >
    <h2
      className="dashhead-title"
    />
    <h6
      className="dashhead-subtitle"
      style={
        Object {
          "color": "#00BCD4",
        }
      }
    />
  </div>
  <div
    className="btn-toolbar dashhead-toolbar"
  >
    <div
      className="btn-toolbar-item input-with-icon"
    >
      <input
        className="form-control"
        disabled="disabled"
        readOnly="true"
        type="text"
        value="    Thu Aug 03 2017"
      />
      <span
        className="icon icon-calendar"
      />
    </div>
  </div>
</div>
`;
